// Jest Snapshot v1, https://goo.gl/fbAQLP

exports[`Substitution solveByBackwardSubstitution solves a random 50x50 upper-triangular system 1`] = `
FloatVector {
  "_data": Float64Array [
    -75.4055043924601,
    -211.76477054890202,
    106.78005911977984,
    101.57645681560861,
    -193.58533420942268,
    18.068856858020883,
    10.533730242555082,
    -235.79665456068133,
    -6.0242855853844635,
    -96.75981018341813,
    105.17609804469038,
    33.69131171319699,
    77.40310018415697,
    -231.350506886773,
    118.51710515031839,
    -244.70848421711324,
    -853.5444570133816,
    -57.88644530902292,
    -104.18783355724102,
    -212.9422277001505,
    -82.29809205396089,
    342.44756857888865,
    12.131151151439417,
    -63.60305145001421,
    -27.939123406335312,
    544.5024309846526,
    -58.13989143260359,
    -129.64939818106794,
    23.812231734396317,
    -169.8398499799322,
    -148.17835246593955,
    114.85082451843427,
    -82.16483769481273,
    98.99413615411319,
    65.0630042313794,
    -248.44185001631953,
    -414.2497239280466,
    27.617398900783446,
    -134.19621171387428,
    225.25057760825652,
    121.2936257529631,
    -489.0659422537312,
    108.26959888802612,
    85.5212708134847,
    58.34539160769554,
    83.07030219703749,
    -6.581168210878951,
    468.38994294137586,
    20.70464601854587,
    121.24179831536522,
  ],
}
`;

exports[`Substitution solveByForwardSubstitution solves a random 50x50 lower-triangular matrix 1`] = `
FloatVector {
  "_data": Float64Array [
    -77.14397065945583,
    -38.00080611520708,
    2759.842151625131,
    -2969.3911483311717,
    -233.52005691369718,
    -720.462181056047,
    -6594.122326160257,
    7127.486036634982,
    3442.809203877073,
    -4274.110466691362,
    5921.658396998813,
    197919.3143701788,
    -4150110.731320688,
    4189805.8561148015,
    -776114.4854102368,
    2424877.077914972,
    -2320823.9508698313,
    28395252.11112745,
    3461500.136695737,
    -78882022.6181815,
    -31305854.51209573,
    87111418.33625871,
    362093614.99351656,
    -63064457.182486616,
    -102439832.6658007,
    -382400188.70842016,
    338359869.1664802,
    -457277709.6147028,
    5155009582.956564,
    -329949798.726457,
    -6355603477.434715,
    3212673990.066189,
    6077019362.880722,
    -12672353291.880222,
    -2551516148.3273487,
    7283724750.076708,
    11275597450.25983,
    -22658542687.922623,
    -21596654513.55598,
    4535436000.308833,
    -26687541939.65937,
    28529450749.839626,
    3629169014.8053436,
    -3695292538.1543503,
    3021107380.1066437,
    86994458170.49428,
    -98305631512.38417,
    -37347325861.91859,
    -288633179245.37213,
    291582231293.62396,
  ],
}
`;
