// Jest Snapshot v1, https://goo.gl/fbAQLP

exports[`Exponential exp calculates a more precise exponential 1`] = `
FloatMatrix {
  "_data": Float64Array [
    51.968956152216535,
    112.1048467488746,
    74.73656449924971,
    164.0738029010913,
  ],
  "_shape": Array [
    2,
    2,
  ],
}
`;

exports[`Exponential exp calculates the exponential of a matrix 1`] = `
FloatMatrix {
  "_data": Float64Array [
    51.968956797557425,
    112.1048481596805,
    74.73656543978697,
    164.073804957238,
  ],
  "_shape": Array [
    2,
    2,
  ],
}
`;
